[sojonever.com/html/zuman/index.html]
[backblue.gif]
[fade.gif]
[index.html]
[sojonever.com/html/zuman/img/favicon.png]
[sojonever.com/html/zuman/img/home_wrapper_cover_4.jpg]
[sojonever.com/html/zuman/img/logo.png]
[sojonever.com/html/zuman/img/about_photo_1.jpg]
[sojonever.com/html/zuman/img/about_photo_2.jpg]
[sojonever.com/html/zuman/img/work_01.jpg]
[sojonever.com/html/zuman/work-details-1.html]
[sojonever.com/html/zuman/img/work_02.jpg]
[sojonever.com/html/zuman/work-details-2.html]
[sojonever.com/html/zuman/img/work_03.gif]
[sojonever.com/html/zuman/work-details-3.html]
[sojonever.com/html/zuman/img/work_04.jpg]
[sojonever.com/html/zuman/work-details-4.html]
[sojonever.com/html/zuman/img/work_05.gif]
[sojonever.com/html/zuman/work-details-5.html]
[sojonever.com/html/zuman/img/work_06.jpg]
[sojonever.com/html/zuman/work-details-6.html]
[sojonever.com/html/zuman/img/testimonials/test_01.jpg]
[sojonever.com/html/zuman/img/testimonials/test_02.jpg]
[sojonever.com/html/zuman/img/testimonials/test_03.jpg]
[sojonever.com/html/zuman/img/brand/brand_01.png]
[sojonever.com/html/zuman/img/brand/brand_02.png]
[sojonever.com/html/zuman/img/brand/brand_03.png]
[sojonever.com/html/zuman/img/brand/brand_04.png]
[sojonever.com/html/zuman/img/brand/brand_05.png]
[sojonever.com/html/zuman/img/brand/brand_06.png]
[sojonever.com/html/zuman/img/brand/brand_07.png]
[sojonever.com/html/zuman/js/vendor/jquery-1.12.4.min.js]
[sojonever.com/html/zuman/js/ajax-mail.js]
[sojonever.com/html/zuman/js/plugins.js]
[sojonever.com/html/zuman/js/main.js]
[sojonever.com/html/zuman/index.html]
[sojonever.com/html/zuman/css/bootstrap.min.css]
[sojonever.com/html/zuman/fonts/ionicons790f.eot]
[sojonever.com/html/zuman/fonts/ionicons790f.ttf]
[sojonever.com/html/zuman/fonts/ionicons790f.woff]
[sojonever.com/html/zuman/css/ionicons.css]
[sojonever.com/html/zuman/fonts/mobirise.eot]
[sojonever.com/html/zuman/fonts/mobirise.ttf]
[sojonever.com/html/zuman/fonts/mobirise.woff]
[sojonever.com/html/zuman/css/mobiriseicons.css]
[sojonever.com/html/zuman/css/owl.video.play.31.delayed]
[sojonever.com/html/zuman/css/owl.carousel.min.css]
[sojonever.com/html/zuman/css/splitting.css]
[sojonever.com/html/zuman/css/magnific-popup.css]
[sojonever.com/html/zuman/img/dot-light.png]
[sojonever.com/html/zuman/css/main.css]
[sojonever.com/html/zuman/css/responsive.css]
[sojonever.com/html/zuman/img/zigzag.svg]
[sojonever.com/html/zuman/img/work_details_01.jpg]
[sojonever.com/html/zuman/work-details-1.html]
[sojonever.com/html/zuman/img/work_02_02.jpg]
[sojonever.com/html/zuman/img/work_02_03.jpg]
[sojonever.com/html/zuman/img/work_02_04.jpg]
[sojonever.com/html/zuman/work-details-2.html]
[sojonever.com/html/zuman/img/work_details_03.jpg]
[sojonever.com/html/zuman/work-details-3.html]
[sojonever.com/html/zuman/img/work_details_04.jpg]
[sojonever.com/html/zuman/work-details-4.html]
[sojonever.com/html/zuman/img/work_details_05.jpg]
[sojonever.com/html/zuman/work-details-5.html]
[sojonever.com/html/zuman/img/work_06_01.jpg]
[sojonever.com/html/zuman/img/work_06_02.jpg]
[sojonever.com/html/zuman/work-details-6.html]
[sojonever.com/html/zuman/fonts/ionicons790f.svg]
[sojonever.com/html/zuman/fonts/mobirise.svg]
[sojonever.com/html/zuman/css/owl.video.play.html]
